// Jest Snapshot v1, https://goo.gl/fbAQLP

exports[`#parseInterface should parse the interfaces correctly: example1 1`] = `
Object {
  "name": "IExample1",
  "structure": Array [],
}
`;

exports[`#parseInterface should parse the interfaces correctly: example2 1`] = `
Object {
  "name": "IExample2",
  "structure": Array [
    Object {
      "kind": Array [
        "number",
        "string[]",
        "Pizza",
      ],
      "name": "requestid",
      "question": false,
      "stem": "requestid",
    },
    Object {
      "kind": Array [
        "string[]",
      ],
      "name": "ordereddependencies",
      "question": true,
      "stem": "ordereddepend",
    },
    Object {
      "kind": Array [
        "{[id:string]:string}",
      ],
      "name": "dependencyurls",
      "question": true,
      "stem": "dependencyurl",
    },
    Object {
      "kind": Array [
        "string",
      ],
      "name": "javascript",
      "question": true,
      "stem": "javascript",
    },
    Object {
      "kind": Array [
        "any[]",
      ],
      "name": "paramvalues",
      "question": false,
      "stem": "paramvalu",
    },
  ],
}
`;

exports[`#parseInterface should parse the interfaces correctly: example3 1`] = `
Object {
  "name": "IExample3",
  "structure": Array [
    Object {
      "kind": Array [
        "boolean",
      ],
      "name": "allowsort",
      "question": true,
      "stem": "allowsort",
    },
    Object {
      "kind": Array [
        "string",
      ],
      "name": "fieldname",
      "question": false,
      "stem": "fieldnam",
    },
    Object {
      "kind": Array [
        "Field.FieldTypeEnum",
      ],
      "name": "fieldtype",
      "question": true,
      "stem": "fieldtyp",
    },
    Object {
      "kind": Array [
        "string",
      ],
      "name": "indexanalyzer",
      "question": true,
      "stem": "indexanalyz",
    },
    Object {
      "kind": Array [
        "string",
      ],
      "name": "searchanalyzer",
      "question": true,
      "stem": "searchanalyz",
    },
    Object {
      "kind": Array [
        "Field.SimilarityEnum",
      ],
      "name": "similarity",
      "question": true,
      "stem": "similar",
    },
  ],
}
`;

exports[`#parseInterface should parse the interfaces correctly: example4 1`] = `
Object {
  "name": "IExample4",
  "structure": Array [
    Object {
      "kind": Array [
        "number",
      ],
      "name": "minzoom",
      "question": true,
      "stem": "minzoom",
    },
    Object {
      "kind": Array [
        "number",
      ],
      "name": "maxzoom",
      "question": true,
      "stem": "maxzoom",
    },
    Object {
      "kind": Array [
        "number",
      ],
      "name": "radius",
      "question": true,
      "stem": "radiu",
    },
    Object {
      "kind": Array [
        "number",
      ],
      "name": "extent",
      "question": true,
      "stem": "extent",
    },
    Object {
      "kind": Array [
        "number",
      ],
      "name": "nodesize",
      "question": true,
      "stem": "nodes",
    },
    Object {
      "kind": Array [
        "boolean",
      ],
      "name": "log",
      "question": true,
      "stem": "log",
    },
    Object {
      "kind": Array [
        "Function",
      ],
      "name": "reduce",
      "question": true,
      "stem": "reduc",
    },
    Object {
      "kind": Array [
        "Function",
      ],
      "name": "initial",
      "question": true,
      "stem": "initi",
    },
    Object {
      "kind": Array [
        "Function",
      ],
      "name": "map",
      "question": true,
      "stem": "map",
    },
  ],
}
`;
