// Jest Snapshot v1, https://goo.gl/fbAQLP

exports[`#parseInterface should parse the interfaces correctly: example1 1`] = `
Object {
  "name": "IExample1",
  "structure": Array [],
}
`;

exports[`#parseInterface should parse the interfaces correctly: example2 1`] = `
Object {
  "name": "IExample2",
  "structure": Array [
    Object {
      "kind": Array [
        "number",
        "string[]",
        "Pizza",
      ],
      "name": "requestId",
      "question": false,
      "stem": "requestid",
    },
    Object {
      "kind": Array [
        "string[]",
      ],
      "name": "orderedDependencies",
      "question": true,
      "stem": "ordereddepend",
    },
    Object {
      "kind": Array [
        "{[id:string]:string}",
      ],
      "name": "dependencyUrls",
      "question": true,
      "stem": "dependencyurl",
    },
    Object {
      "kind": Array [
        "string",
      ],
      "name": "javaScript",
      "question": true,
      "stem": "javascript",
    },
    Object {
      "kind": Array [
        "any[]",
      ],
      "name": "paramValues",
      "question": false,
      "stem": "paramvalu",
    },
  ],
}
`;

exports[`#parseInterface should parse the interfaces correctly: example3 1`] = `
Object {
  "name": "IExample3",
  "structure": Array [
    Object {
      "kind": Array [
        "boolean",
      ],
      "name": "allowSort",
      "question": true,
      "stem": "allowsort",
    },
    Object {
      "kind": Array [
        "string",
      ],
      "name": "fieldName",
      "question": false,
      "stem": "fieldnam",
    },
    Object {
      "kind": Array [
        "Field.FieldTypeEnum",
      ],
      "name": "fieldType",
      "question": true,
      "stem": "fieldtyp",
    },
    Object {
      "kind": Array [
        "string",
      ],
      "name": "indexAnalyzer",
      "question": true,
      "stem": "indexanalyz",
    },
    Object {
      "kind": Array [
        "string",
      ],
      "name": "searchAnalyzer",
      "question": true,
      "stem": "searchanalyz",
    },
    Object {
      "kind": Array [
        "Field.SimilarityEnum",
      ],
      "name": "similarity",
      "question": true,
      "stem": "similar",
    },
  ],
}
`;

exports[`#parseInterface should parse the interfaces correctly: example4 1`] = `
Object {
  "name": "IExample4",
  "structure": Array [
    Object {
      "kind": Array [
        "number",
      ],
      "name": "minZoom",
      "question": true,
      "stem": "minzoom",
    },
    Object {
      "kind": Array [
        "number",
      ],
      "name": "maxZoom",
      "question": true,
      "stem": "maxzoom",
    },
    Object {
      "kind": Array [
        "number",
      ],
      "name": "radius",
      "question": true,
      "stem": "radiu",
    },
    Object {
      "kind": Array [
        "number",
      ],
      "name": "extent",
      "question": true,
      "stem": "extent",
    },
    Object {
      "kind": Array [
        "number",
      ],
      "name": "nodeSize",
      "question": true,
      "stem": "nodes",
    },
    Object {
      "kind": Array [
        "boolean",
      ],
      "name": "log",
      "question": true,
      "stem": "log",
    },
    Object {
      "kind": Array [
        "Function",
      ],
      "name": "reduce",
      "question": true,
      "stem": "reduc",
    },
    Object {
      "kind": Array [
        "Function",
      ],
      "name": "initial",
      "question": true,
      "stem": "initi",
    },
    Object {
      "kind": Array [
        "Function",
      ],
      "name": "map",
      "question": true,
      "stem": "map",
    },
  ],
}
`;
