// Jest Snapshot v1, https://goo.gl/fbAQLP

exports[`#parseInterface should parse the interfaces correctly: example1 1`] = `
Object {
  "name": "IExample1",
  "structure": Array [],
}
`;

exports[`#parseInterface should parse the interfaces correctly: example2 1`] = `
Object {
  "name": "IExample2",
  "structure": Array [
    Object {
      "kind": Array [
        "number",
        "string[]",
        "Pizza",
      ],
      "name": "request_id",
      "question": false,
      "stem": "request_id",
    },
    Object {
      "kind": Array [
        "string[]",
      ],
      "name": "ordered_dependencies",
      "question": true,
      "stem": "ordered_depend",
    },
    Object {
      "kind": Array [
        "{[id:string]:string}",
      ],
      "name": "dependency_urls",
      "question": true,
      "stem": "dependency_url",
    },
    Object {
      "kind": Array [
        "string",
      ],
      "name": "java_script",
      "question": true,
      "stem": "java_script",
    },
    Object {
      "kind": Array [
        "any[]",
      ],
      "name": "param_values",
      "question": false,
      "stem": "param_valu",
    },
  ],
}
`;

exports[`#parseInterface should parse the interfaces correctly: example3 1`] = `
Object {
  "name": "IExample3",
  "structure": Array [
    Object {
      "kind": Array [
        "boolean",
      ],
      "name": "allow_sort",
      "question": true,
      "stem": "allow_sort",
    },
    Object {
      "kind": Array [
        "string",
      ],
      "name": "field_name",
      "question": false,
      "stem": "field_nam",
    },
    Object {
      "kind": Array [
        "Field.FieldTypeEnum",
      ],
      "name": "field_type",
      "question": true,
      "stem": "field_typ",
    },
    Object {
      "kind": Array [
        "string",
      ],
      "name": "index_analyzer",
      "question": true,
      "stem": "index_analyz",
    },
    Object {
      "kind": Array [
        "string",
      ],
      "name": "search_analyzer",
      "question": true,
      "stem": "search_analyz",
    },
    Object {
      "kind": Array [
        "Field.SimilarityEnum",
      ],
      "name": "similarity",
      "question": true,
      "stem": "similar",
    },
  ],
}
`;

exports[`#parseInterface should parse the interfaces correctly: example4 1`] = `
Object {
  "name": "IExample4",
  "structure": Array [
    Object {
      "kind": Array [
        "number",
      ],
      "name": "min_zoom",
      "question": true,
      "stem": "min_zoom",
    },
    Object {
      "kind": Array [
        "number",
      ],
      "name": "max_zoom",
      "question": true,
      "stem": "max_zoom",
    },
    Object {
      "kind": Array [
        "number",
      ],
      "name": "radius",
      "question": true,
      "stem": "radiu",
    },
    Object {
      "kind": Array [
        "number",
      ],
      "name": "extent",
      "question": true,
      "stem": "extent",
    },
    Object {
      "kind": Array [
        "number",
      ],
      "name": "node_size",
      "question": true,
      "stem": "node_s",
    },
    Object {
      "kind": Array [
        "boolean",
      ],
      "name": "log",
      "question": true,
      "stem": "log",
    },
    Object {
      "kind": Array [
        "Function",
      ],
      "name": "reduce",
      "question": true,
      "stem": "reduc",
    },
    Object {
      "kind": Array [
        "Function",
      ],
      "name": "initial",
      "question": true,
      "stem": "initi",
    },
    Object {
      "kind": Array [
        "Function",
      ],
      "name": "map",
      "question": true,
      "stem": "map",
    },
  ],
}
`;
